// Jest Snapshot v1, https://goo.gl/fbAQLP

exports[`PlainEnglishRecurrence matches snapshot 1`] = `
<div
  className="large-collapse"
>
  <span>
    Repeats 
  </span>
  daily 
  
   2 times
</div>
`;
